[INFO] Scanning for projects...
[INFO] 
[INFO] ----------------------< com.luxgrimoire:backend >-----------------------
[INFO] Building backend 0.0.1-SNAPSHOT
[INFO]   from pom.xml
[INFO] --------------------------------[ jar ]---------------------------------
[INFO] 
[INFO] >>> spring-boot:3.5.0:run (default-cli) > test-compile @ backend >>>
[INFO] 
[INFO] --- resources:3.3.1:resources (default-resources) @ backend ---
[INFO] Copying 2 resources from src\main\resources to target\classes
[INFO] Copying 0 resource from src\main\resources to target\classes
[INFO] 
[INFO] --- compiler:3.14.0:compile (default-compile) @ backend ---
[INFO] Recompiling the module because of changed source code.
[INFO] Compiling 75 source files with javac [debug parameters release 21] to target\classes
[INFO] 
[INFO] --- resources:3.3.1:testResources (default-testResources) @ backend ---
[INFO] Copying 1 resource from src\test\resources to target\test-classes
[INFO] 
[INFO] --- compiler:3.14.0:testCompile (default-testCompile) @ backend ---
[INFO] Recompiling the module because of changed dependency.
[INFO] Compiling 5 source files with javac [debug parameters release 21] to target\test-classes
[INFO] 
[INFO] <<< spring-boot:3.5.0:run (default-cli) < test-compile @ backend <<<
[INFO] 
[INFO] 
[INFO] --- spring-boot:3.5.0:run (default-cli) @ backend ---
[INFO] Attaching agents: []

  .   ____          _            __ _ _
 /\\ / ___'_ __ _ _(_)_ __  __ _ \ \ \ \
( ( )\___ | '_ | '_| | '_ \/ _` | \ \ \ \
 \\/  ___)| |_)| | | | | || (_| |  ) ) ) )
  '  |____| .__|_| |_|_| |_\__, | / / / /
 =========|_|==============|___/=/_/_/_/

 :: Spring Boot ::                (v3.5.0)

2026-04-11T18:28:49.878+02:00  INFO 3552 --- [backend] [           main] c.l.backend.BackendApplication           : Starting BackendApplication using Java 21.0.10 with PID 3552 (C:\Users\renat\Documents\luxgrimoire\backend\target\classes started by renat in C:\Users\renat\Documents\luxgrimoire\backend)
2026-04-11T18:28:49.879+02:00  INFO 3552 --- [backend] [           main] c.l.backend.BackendApplication           : No active profile set, falling back to 1 default profile: "default"
2026-04-11T18:28:50.301+02:00  INFO 3552 --- [backend] [           main] .s.d.r.c.RepositoryConfigurationDelegate : Bootstrapping Spring Data JPA repositories in DEFAULT mode.
2026-04-11T18:28:50.375+02:00  INFO 3552 --- [backend] [           main] .s.d.r.c.RepositoryConfigurationDelegate : Finished Spring Data repository scanning in 67 ms. Found 21 JPA repository interfaces.
2026-04-11T18:28:50.770+02:00  INFO 3552 --- [backend] [           main] o.s.b.w.embedded.tomcat.TomcatWebServer  : Tomcat initialized with port 8080 (http)
2026-04-11T18:28:50.781+02:00  INFO 3552 --- [backend] [           main] o.apache.catalina.core.StandardService   : Starting service [Tomcat]
2026-04-11T18:28:50.782+02:00  INFO 3552 --- [backend] [           main] o.apache.catalina.core.StandardEngine    : Starting Servlet engine: [Apache Tomcat/10.1.41]
2026-04-11T18:28:50.831+02:00  INFO 3552 --- [backend] [           main] o.a.c.c.C.[Tomcat].[localhost].[/]       : Initializing Spring embedded WebApplicationContext
2026-04-11T18:28:50.831+02:00  INFO 3552 --- [backend] [           main] w.s.c.ServletWebServerApplicationContext : Root WebApplicationContext: initialization completed in 923 ms
2026-04-11T18:28:51.012+02:00  INFO 3552 --- [backend] [           main] o.hibernate.jpa.internal.util.LogHelper  : HHH000204: Processing PersistenceUnitInfo [name: default]
2026-04-11T18:28:51.065+02:00  INFO 3552 --- [backend] [           main] org.hibernate.Version                    : HHH000412: Hibernate ORM core version 6.6.15.Final
2026-04-11T18:28:51.098+02:00  INFO 3552 --- [backend] [           main] o.h.c.internal.RegionFactoryInitiator    : HHH000026: Second-level cache disabled
2026-04-11T18:28:51.330+02:00  INFO 3552 --- [backend] [           main] o.s.o.j.p.SpringPersistenceUnitInfo      : No LoadTimeWeaver setup: ignoring JPA class transformer
2026-04-11T18:28:51.361+02:00  INFO 3552 --- [backend] [           main] com.zaxxer.hikari.HikariDataSource       : HikariPool-1 - Starting...
2026-04-11T18:28:51.513+02:00  INFO 3552 --- [backend] [           main] com.zaxxer.hikari.pool.HikariPool        : HikariPool-1 - Added connection org.postgresql.jdbc.PgConnection@295b07e0
2026-04-11T18:28:51.514+02:00  INFO 3552 --- [backend] [           main] com.zaxxer.hikari.HikariDataSource       : HikariPool-1 - Start completed.
2026-04-11T18:28:51.548+02:00  WARN 3552 --- [backend] [           main] org.hibernate.orm.deprecation            : HHH90000025: PostgreSQLDialect does not need to be specified explicitly using 'hibernate.dialect' (remove the property setting and it will be selected by default)
2026-04-11T18:28:51.564+02:00  INFO 3552 --- [backend] [           main] org.hibernate.orm.connections.pooling    : HHH10001005: Database info:
	Database JDBC URL [Connecting through datasource 'HikariDataSource (HikariPool-1)']
	Database driver: undefined/unknown
	Database version: 17.9
	Autocommit mode: undefined/unknown
	Isolation level: undefined/unknown
	Minimum pool size: undefined/unknown
	Maximum pool size: undefined/unknown
2026-04-11T18:28:52.594+02:00  INFO 3552 --- [backend] [           main] o.h.e.t.j.p.i.JtaPlatformInitiator       : HHH000489: No JTA platform available (set 'hibernate.transaction.jta.platform' to enable JTA platform integration)
2026-04-11T18:28:53.355+02:00  INFO 3552 --- [backend] [           main] j.LocalContainerEntityManagerFactoryBean : Initialized JPA EntityManagerFactory for persistence unit 'default'
2026-04-11T18:28:53.699+02:00  INFO 3552 --- [backend] [           main] o.s.d.j.r.query.QueryEnhancerFactory     : Hibernate is in classpath; If applicable, HQL parser will be used.
2026-04-11T18:28:55.145+02:00  WARN 3552 --- [backend] [           main] .s.s.UserDetailsServiceAutoConfiguration : 

Using generated security password: c750df0d-df8f-4d31-8b59-1a4b2c442973

This generated password is for development use only. Your security configuration must be updated before running your application in production.

2026-04-11T18:28:55.153+02:00  INFO 3552 --- [backend] [           main] r$InitializeUserDetailsManagerConfigurer : Global AuthenticationManager configured with UserDetailsService bean with name inMemoryUserDetailsManager
2026-04-11T18:28:55.427+02:00  INFO 3552 --- [backend] [           main] o.s.b.w.embedded.tomcat.TomcatWebServer  : Tomcat started on port 8080 (http) with context path '/'
2026-04-11T18:28:55.436+02:00  INFO 3552 --- [backend] [           main] c.l.backend.BackendApplication           : Started BackendApplication in 5.863 seconds (process running for 6.081)
2026-04-11T18:29:16.332+02:00  INFO 3552 --- [backend] [nio-8080-exec-2] o.a.c.c.C.[Tomcat].[localhost].[/]       : Initializing Spring DispatcherServlet 'dispatcherServlet'
2026-04-11T18:29:16.332+02:00  INFO 3552 --- [backend] [nio-8080-exec-2] o.s.web.servlet.DispatcherServlet        : Initializing Servlet 'dispatcherServlet'
2026-04-11T18:29:16.334+02:00  INFO 3552 --- [backend] [nio-8080-exec-2] o.s.web.servlet.DispatcherServlet        : Completed initialization in 1 ms
[GLOBAL ERROR] org.springframework.orm.jpa.JpaSystemException: Null value was assigned to a property [class com.luxgrimoire.backend.model.Subscription.isCombo] of primitive type: 'com.luxgrimoire.backend.model.Subscription.isCombo' (setter)
[CAUSED BY] org.hibernate.PropertyAccessException: Null value was assigned to a property [class com.luxgrimoire.backend.model.Subscription.isCombo] of primitive type: 'com.luxgrimoire.backend.model.Subscription.isCombo' (setter)
